#-----------------------------------------------------------
# Vivado v2019.1 (64-bit)
# SW Build 2552052 on Fri May 24 14:49:42 MDT 2019
# IP Build 2548770 on Fri May 24 18:01:18 MDT 2019
# Start of session at: Sat Feb 18 10:11:25 2023
# Process ID: 19608
# Current directory: C:/Users/lokes/Videos/VLSI/F0ZMJ77IJSV3B4A/cpu_udertest
# Command line: vivado.exe -gui_launcher_event rodinguilauncherevent20100 C:\Users\lokes\Videos\VLSI\F0ZMJ77IJSV3B4A\cpu_udertest\cpu_udertest.xpr
# Log file: C:/Users/lokes/Videos/VLSI/F0ZMJ77IJSV3B4A/cpu_udertest/vivado.log
# Journal file: C:/Users/lokes/Videos/VLSI/F0ZMJ77IJSV3B4A/cpu_udertest\vivado.jou
#-----------------------------------------------------------
start_gui
open_project C:/Users/lokes/Videos/VLSI/F0ZMJ77IJSV3B4A/cpu_udertest/cpu_udertest.xpr
update_compile_order -fileset sources_1
reset_run impl_1 -prev_step 
launch_runs impl_1 -to_step write_bitstream -jobs 16
wait_on_run impl_1
open_hw
connect_hw_server
open_hw_target
set_property PROGRAM.FILE {C:/Users/lokes/Videos/VLSI/F0ZMJ77IJSV3B4A/cpu_udertest/cpu_udertest.runs/impl_1/topmodule.bit} [get_hw_devices xc7a100t_0]
current_hw_device [get_hw_devices xc7a100t_0]
refresh_hw_device -update_hw_probes false [lindex [get_hw_devices xc7a100t_0] 0]
set_property PROBES.FILE {} [get_hw_devices xc7a100t_0]
set_property FULL_PROBES.FILE {} [get_hw_devices xc7a100t_0]
set_property PROGRAM.FILE {C:/Users/lokes/Videos/VLSI/F0ZMJ77IJSV3B4A/cpu_udertest/cpu_udertest.runs/impl_1/topmodule.bit} [get_hw_devices xc7a100t_0]
program_hw_devices [get_hw_devices xc7a100t_0]
refresh_hw_device [lindex [get_hw_devices xc7a100t_0] 0]
reset_run synth_1
launch_runs impl_1 -to_step write_bitstream -jobs 16
wait_on_run impl_1
open_run impl_1
set_property PROBES.FILE {} [get_hw_devices xc7a100t_0]
set_property FULL_PROBES.FILE {} [get_hw_devices xc7a100t_0]
set_property PROGRAM.FILE {C:/Users/lokes/Videos/VLSI/F0ZMJ77IJSV3B4A/cpu_udertest/cpu_udertest.runs/impl_1/topmodule.bit} [get_hw_devices xc7a100t_0]
program_hw_devices [get_hw_devices xc7a100t_0]
refresh_hw_device [lindex [get_hw_devices xc7a100t_0] 0]
launch_simulation
source topmodule.tcl
add_force {/topmodule/clock} -radix hex {1 0ns} {0 50000ps} -repeat_every 100000ps
add_force {/topmodule/reset} -radix hex {0 0ns}
run 100 us
add_force {/topmodule/reset} -radix hex {1 0ns}
run 100 us
disconnect_hw_server localhost:3121
connect_hw_server
open_hw_target
set_property PROBES.FILE {} [get_hw_devices xc7a100t_0]
set_property FULL_PROBES.FILE {} [get_hw_devices xc7a100t_0]
set_property PROGRAM.FILE {C:/Users/lokes/Videos/VLSI/F0ZMJ77IJSV3B4A/cpu_udertest/cpu_udertest.runs/impl_1/topmodule.bit} [get_hw_devices xc7a100t_0]
program_hw_devices [get_hw_devices xc7a100t_0]
refresh_hw_device [lindex [get_hw_devices xc7a100t_0] 0]
reset_run synth_1
launch_runs impl_1 -to_step write_bitstream -jobs 16
wait_on_run impl_1
set_property PROBES.FILE {} [get_hw_devices xc7a100t_0]
set_property FULL_PROBES.FILE {} [get_hw_devices xc7a100t_0]
set_property PROGRAM.FILE {C:/Users/lokes/Videos/VLSI/F0ZMJ77IJSV3B4A/cpu_udertest/cpu_udertest.runs/impl_1/topmodule.bit} [get_hw_devices xc7a100t_0]
program_hw_devices [get_hw_devices xc7a100t_0]
refresh_hw_device [lindex [get_hw_devices xc7a100t_0] 0]
close_sim
launch_simulation
